// Jest Snapshot v1, https://goo.gl/fbAQLP

exports[`AmenitySection container tests matches snapshot 1`] = `
<AmenitySection
  activeKey={
    Array [
      "1",
    ]
  }
  allItemsVisible={false}
  amenity={
    Object {
      "amenityOptions": Array [
        Object {
          "configurationAmenityOption": Object {
            "configurationSubAmenities": Array [
              Object {
                "glamperSubAmenity": true,
                "iconUrl": "https://vancation-api-staging-assets.s3.us-west-1.amazonaws.com/store/configurationsubamenity/394f7464-cdeb-4aa8-90de-4467e5bc0c21/icon/f42d55ec1c8955469a97c016745c5b09.svg",
                "id": "394f7464-cdeb-4aa8-90de-4467e5bc0c21",
                "maxQuantity": 0,
                "title": "Off Grid Air Conditioner",
                "tooltip": null,
              },
            ],
            "iconUrl": "https://vancation-api-staging-assets.s3.us-west-1.amazonaws.com/store/configurationamenityoption/399a8248-f76f-4fe4-b435-ee187867ccf4/icon/c99d57d8304958f811a3a8c884b0cf8a.svg",
            "id": "399a8248-f76f-4fe4-b435-ee187867ccf4",
            "state": false,
            "title": "Air conditioner",
            "tooltip": null,
            "type": "toggler",
          },
          "id": "8c9426f5-60c2-419d-a2e0-1900cb4fe6e1",
          "subAmenities": Array [
            Object {
              "configurationSubAmenity": Object {
                "glamperSubAmenity": true,
                "iconUrl": "https://vancation-api-staging-assets.s3.us-west-1.amazonaws.com/store/configurationsubamenity/394f7464-cdeb-4aa8-90de-4467e5bc0c21/icon/f42d55ec1c8955469a97c016745c5b09.svg",
                "id": "394f7464-cdeb-4aa8-90de-4467e5bc0c21",
                "maxQuantity": 0,
                "title": "Off Grid Air Conditioner",
                "tooltip": null,
              },
              "id": "f4dccf36-5056-4eb7-852d-84625519b041",
            },
          ],
        },
      ],
      "configurationAmenity": Object {
        "configurationAmenityOptions": Array [
          Object {
            "configurationSubAmenities": Array [
              Object {
                "glamperSubAmenity": true,
                "iconUrl": "https://vancation-api-staging-assets.s3.us-west-1.amazonaws.com/store/configurationsubamenity/394f7464-cdeb-4aa8-90de-4467e5bc0c21/icon/f42d55ec1c8955469a97c016745c5b09.svg",
                "id": "394f7464-cdeb-4aa8-90de-4467e5bc0c21",
                "maxQuantity": 0,
                "title": "Off Grid Air Conditioner",
                "tooltip": null,
              },
            ],
            "iconUrl": "https://vancation-api-staging-assets.s3.us-west-1.amazonaws.com/store/configurationamenityoption/399a8248-f76f-4fe4-b435-ee187867ccf4/icon/c99d57d8304958f811a3a8c884b0cf8a.svg",
            "id": "399a8248-f76f-4fe4-b435-ee187867ccf4",
            "state": false,
            "title": "Air conditioner",
            "tooltip": null,
            "type": "toggler",
          },
        ],
        "configurationSubAmenities": Array [
          Object {
            "glamperSubAmenity": true,
            "iconUrl": "https://vancation-api-staging-assets.s3.us-west-1.amazonaws.com/store/configurationsubamenity/7f4bc947-2559-4098-ab7c-b7e9e0c5ef46/icon/30e49465c04b9867d757d7287bd598dd.svg",
            "id": "7f4bc947-2559-4098-ab7c-b7e9e0c5ef46",
            "maxQuantity": 0,
            "title": "Ceiling Fan",
            "tooltip": null,
          },
        ],
      },
      "subAmenities": Array [
        Object {
          "configurationSubAmenity": Object {
            "glamperSubAmenity": true,
            "iconUrl": "https://vancation-api-staging-assets.s3.us-west-1.amazonaws.com/store/configurationsubamenity/7f4bc947-2559-4098-ab7c-b7e9e0c5ef46/icon/30e49465c04b9867d757d7287bd598dd.svg",
            "id": "7f4bc947-2559-4098-ab7c-b7e9e0c5ef46",
            "maxQuantity": 0,
            "title": "Ceiling Fan",
            "tooltip": null,
          },
          "id": "29be7cfa-b6cf-48f0-a579-7c309e763159",
        },
      ],
    }
  }
  onCollapse={[MockFunction]}
  options={
    Array [
      Object {
        "available": true,
        "iconUrl": "https://vancation-api-staging-assets.s3.us-west-1.amazonaws.com/store/configurationamenityoption/399a8248-f76f-4fe4-b435-ee187867ccf4/icon/c99d57d8304958f811a3a8c884b0cf8a.svg",
        "id": "399a8248-f76f-4fe4-b435-ee187867ccf4",
        "subAmenities": Array [
          Object {
            "available": true,
            "iconUrl": "https://vancation-api-staging-assets.s3.us-west-1.amazonaws.com/store/configurationsubamenity/394f7464-cdeb-4aa8-90de-4467e5bc0c21/icon/f42d55ec1c8955469a97c016745c5b09.svg",
            "id": "394f7464-cdeb-4aa8-90de-4467e5bc0c21",
            "quantity": 0,
            "title": "Off Grid Air Conditioner",
            "tooltip": null,
          },
        ],
        "title": "Air conditioner",
        "tooltip": null,
      },
    ]
  }
  subAmenities={
    Array [
      Object {
        "available": true,
        "iconUrl": "https://vancation-api-staging-assets.s3.us-west-1.amazonaws.com/store/configurationsubamenity/7f4bc947-2559-4098-ab7c-b7e9e0c5ef46/icon/30e49465c04b9867d757d7287bd598dd.svg",
        "id": "7f4bc947-2559-4098-ab7c-b7e9e0c5ef46",
        "quantity": 0,
        "title": "Ceiling Fan",
        "tooltip": null,
      },
    ]
  }
  toggleVisibility={[Function]}
/>
`;
