// Jest Snapshot v1, https://goo.gl/fbAQLP

exports[`DestinationsLandingPageMobile component tests matches snapshot 1`] = `
<Fragment>
  <Connect(InteractiveMapMobile)
    isMobile={true}
    isVisible={true}
    onDragEnd={[MockFunction]}
    onTouchStart={[MockFunction]}
    onZoomEnd={[MockFunction]}
  />
  <ViewMapButton
    additionalClassnames="d-none"
    isVisible={true}
    onClick={[MockFunction]}
  />
  <div
    className="search-page__indent"
    id="search-page__indent"
  />
  <div
    className="search-page__content"
  >
    <DragControl />
    <ContentContainer
      MapSection={null}
      NearbyDestinationsSection={<NearbyDestinations />}
      ResultsSection={
        <div
          className="search-page__results"
        >
          <div
            className="search-page__results-info"
            id="search-page__results-info"
          >
            <SearchResultsInfo
              additionalClassNames="mt-10"
            />
            <EmptyResult />
            <MainPhoto />
            <MainInfo />
            <Memo(Connect(TopLocations)) />
          </div>
          <div
            className="search-page__results-campers"
          >
            <div
              className="search-page__results-text mt-24 mb-24"
            >
              <Description />
              <FanFacts />
            </div>
            <Campers />
          </div>
        </div>
      }
      isDesktopMapVisible={true}
    />
    <Footer
      innerRef={[MockFunction]}
    />
  </div>
</Fragment>
`;
