// Jest Snapshot v1, https://goo.gl/fbAQLP

exports[`TripInfoAndExtras component tests matches snapshot 1`] = `
<CheckoutLayout
  btnText={
    Object {
      "id": "shared.continue",
    }
  }
  currentStep={1}
  header={
    <Header
      currentStep={1}
    />
  }
  onBack={[Function]}
  price={375}
  showBackBtn={true}
>
  Foo
</CheckoutLayout>
`;
