// Jest Snapshot v1, https://goo.gl/fbAQLP

exports[`DashboardReportingComponent component tests matches snapshot 1`] = `
<Fragment>
  <Connect(Header)
    activeTabKey="REPORTING"
  />
  <div
    className="main-account-wrap--listing"
    id="main-account-wrap-master"
  >
    Reporting
  </div>
  <Footer />
</Fragment>
`;
