// Jest Snapshot v1, https://goo.gl/fbAQLP

exports[`Policies component tests matches snapshot 1`] = `
<withRouter(EditCamper)
  canSave={true}
  hasFooter={true}
  isLoading={false}
  leavePageMethod={[MockFunction]}
  onSave={[MockFunction]}
>
  <div
    className="container"
  >
    <Row>
      <Col
        span={24}
      >
        <h1
          className="text-headline mb-8"
        >
          <Memo(FormattedMessage)
            id="dashboard.editCamper.policies.title"
          />
        </h1>
        <p
          className="mb-24"
        >
          <Memo(FormattedMessage)
            id="addNewCamper.policies.subTitle"
          />
        </p>
      </Col>
    </Row>
    <ForwardRef(InternalForm)
      layout="vertical"
    >
      <Row>
        <div
          className="mb-24 text-subheader font-700"
        >
          <Memo(FormattedMessage)
            id="addNewCamper.policies.bookingTitle"
          />
        </div>
        <Col>
          <Row>
            <Col
              lg={12}
            >
              <FormItem>
                <Field
                  component={[Function]}
                  name="bookingApprovalPolicy"
                  radioGroupProps={
                    Object {
                      "size": "large",
                    }
                  }
                >
                  <Radio
                    className="main-listing-radio"
                    type="radio"
                    value="instant_book"
                  >
                    <span>
                      <span
                        className="main-listing-radio__title"
                      >
                        <i
                          className="icon icon-flash-f in-yellow-1000 mr-12"
                        />
                        <div
                          className="d-inline-flex align-items-center flex-wrap"
                        >
                          <span
                            className="mr-8"
                          >
                            <Memo(FormattedMessage)
                              id="addNewCamper.policies.instantBookTitle"
                            />
                          </span>
                          <Tag
                            className="mt-8 mt-md-0 ml-0"
                            color="cyan"
                            icon={
                              <i
                                className="icon icon-like-f"
                              />
                            }
                          >
                            <Memo(FormattedMessage)
                              id="shared.vancationRecommended"
                            />
                          </Tag>
                        </div>
                      </span>
                      <p
                        className="text-body"
                      >
                        <Memo(FormattedMessage)
                          id="addNewCamper.policies.instantBookDescription"
                        />
                      </p>
                    </span>
                  </Radio>
                  <div
                    className="ml-24 ml-mb-40"
                  >
                    <FormItem
                      className="main-input--height-auto mb-8"
                    >
                      <Field
                        component={[Function]}
                        name="requestNotice"
                        onToggle={[MockFunction]}
                      />
                      <span
                        className="ml-8"
                      >
                        <Memo(FormattedMessage)
                          id="dashboard.editCamper.requestNotice.title"
                        />
                      </span>
                    </FormItem>
                    <p
                      className="mb-16 text-body line-height-base"
                    >
                      <Memo(FormattedMessage)
                        id="dashboard.editCamper.requestNotice.description"
                      />
                    </p>
                  </div>
                  <Radio
                    className="main-listing-radio"
                    onChange={[MockFunction]}
                    type="radio"
                    value="review"
                  >
                    <span>
                      <span
                        className="main-listing-radio__title"
                      >
                        <Memo(FormattedMessage)
                          id="addNewCamper.policies.reviewTitle"
                        />
                      </span>
                      <p
                        className="text-body"
                      >
                        <Memo(FormattedMessage)
                          id="addNewCamper.policies.reviewDescription"
                        />
                      </p>
                    </span>
                  </Radio>
                </Field>
              </FormItem>
            </Col>
          </Row>
        </Col>
        <Divider />
        <div
          className="mb-24 text-subheader font-700"
        >
          <Memo(FormattedMessage)
            id="addNewCamper.policies.cancellationTitle"
          />
          <TooltipIcon
            iconClass="icon-info-f font-24"
            phrase="{Translation id: addNewCamper.policies.cancellationTooltip}"
          />
        </div>
        <Col>
          <Row>
            <Col
              lg={12}
            >
              <FormItem>
                <Field
                  component={[Function]}
                  name="cancellationPolicy"
                  radioGroupProps={
                    Object {
                      "size": "large",
                    }
                  }
                >
                  <Radio
                    className="main-listing-radio"
                    type="radio"
                    value="easy_going"
                  >
                    <span>
                      <span
                        className="main-listing-radio__title"
                      >
                        <div
                          className="d-inline-flex align-items-center flex-wrap"
                        >
                          <span
                            className="mr-32 mr-md-8"
                          >
                            <Memo(FormattedMessage)
                              id="addNewCamper.policies.easyTitle"
                            />
                          </span>
                          <Tag
                            className="ml-0"
                            color="cyan"
                            icon={
                              <i
                                className="icon icon-like-f"
                              />
                            }
                          >
                            <Memo(FormattedMessage)
                              id="shared.vancationRecommended"
                            />
                          </Tag>
                        </div>
                      </span>
                      <p
                        className="text-body"
                      >
                        <Memo(FormattedMessage)
                          id="addNewCamper.policies.easyDescription"
                        />
                      </p>
                    </span>
                  </Radio>
                  <Radio
                    className="main-listing-radio"
                    type="radio"
                    value="firm_but_fair"
                  >
                    <span>
                      <span
                        className="main-listing-radio__title"
                      >
                        <Memo(FormattedMessage)
                          id="addNewCamper.policies.firmTitle"
                        />
                      </span>
                      <p
                        className="text-body"
                      >
                        <Memo(FormattedMessage)
                          id="addNewCamper.policies.firmDescription"
                        />
                      </p>
                    </span>
                  </Radio>
                  <Radio
                    className="main-listing-radio"
                    type="radio"
                    value="by_the_book"
                  >
                    <span>
                      <span
                        className="main-listing-radio__title"
                      >
                        <Memo(FormattedMessage)
                          id="addNewCamper.policies.bookTitle"
                        />
                      </span>
                      <p
                        className="text-body"
                      >
                        <Memo(FormattedMessage)
                          id="addNewCamper.policies.bookDescription"
                        />
                      </p>
                    </span>
                  </Radio>
                </Field>
              </FormItem>
            </Col>
          </Row>
        </Col>
        <Divider />
        <div
          className="mb-8 text-subheader font-700"
        >
          <Memo(FormattedMessage)
            id="addNewCamper.insurance.refundable.title"
          />
        </div>
        <Col
          span={24}
        >
          <Row>
            <Col
              md={16}
            >
              <p
                className="mb-16"
              >
                <Memo(FormattedMessage)
                  id="dashboard.editCamper.deposit.description"
                />
              </p>
            </Col>
          </Row>
        </Col>
        <Col
          span={24}
        >
          <Row>
            <Col
              lg={8}
              md={12}
            >
              <div
                className="mb-8"
              >
                <FormItem
                  label={
                    <span
                      className="main-input__label"
                    >
                      <Memo(FormattedMessage)
                        id="dashboard.editCamper.deposit.label"
                      />
                    </span>
                  }
                >
                  <Input
                    type="text"
                    value="$3000"
                  />
                </FormItem>
              </div>
            </Col>
          </Row>
        </Col>
      </Row>
    </ForwardRef(InternalForm)>
  </div>
</withRouter(EditCamper)>
`;

exports[`Policies component tests matches snapshot when bookingApprovalPolicy !== instant_book 1`] = `
<withRouter(EditCamper)
  canSave={true}
  hasFooter={true}
  isLoading={false}
  leavePageMethod={[MockFunction]}
  onSave={[MockFunction]}
>
  <div
    className="container"
  >
    <Row>
      <Col
        span={24}
      >
        <h1
          className="text-headline mb-8"
        >
          <Memo(FormattedMessage)
            id="dashboard.editCamper.policies.title"
          />
        </h1>
        <p
          className="mb-24"
        >
          <Memo(FormattedMessage)
            id="addNewCamper.policies.subTitle"
          />
        </p>
      </Col>
    </Row>
    <Skeleton
      active={true}
      avatar={false}
      paragraph={true}
      title={true}
    />
  </div>
</withRouter(EditCamper)>
`;

exports[`Policies component tests matches snapshot when camper does not exist 1`] = `
<withRouter(EditCamper)
  canSave={true}
  hasFooter={true}
  isLoading={false}
  leavePageMethod={[MockFunction]}
  onSave={[MockFunction]}
>
  <div
    className="container"
  >
    <Row>
      <Col
        span={24}
      >
        <h1
          className="text-headline mb-8"
        >
          <Memo(FormattedMessage)
            id="dashboard.editCamper.policies.title"
          />
        </h1>
        <p
          className="mb-24"
        >
          <Memo(FormattedMessage)
            id="addNewCamper.policies.subTitle"
          />
        </p>
      </Col>
    </Row>
    <Skeleton
      active={true}
      avatar={false}
      paragraph={true}
      title={true}
    />
  </div>
</withRouter(EditCamper)>
`;

exports[`Policies component tests matches snapshot when requestNotice is checked 1`] = `
<withRouter(EditCamper)
  canSave={true}
  hasFooter={true}
  isLoading={false}
  leavePageMethod={[MockFunction]}
  onSave={[MockFunction]}
>
  <div
    className="container"
  >
    <Row>
      <Col
        span={24}
      >
        <h1
          className="text-headline mb-8"
        >
          <Memo(FormattedMessage)
            id="dashboard.editCamper.policies.title"
          />
        </h1>
        <p
          className="mb-24"
        >
          <Memo(FormattedMessage)
            id="addNewCamper.policies.subTitle"
          />
        </p>
      </Col>
    </Row>
    <Skeleton
      active={true}
      avatar={false}
      paragraph={true}
      title={true}
    />
  </div>
</withRouter(EditCamper)>
`;
