// Jest Snapshot v1, https://goo.gl/fbAQLP

exports[`DropdownCampers container tests snapshot 1`] = `
<DropdownCampers
  currentCamper={
    Object {
      "actualCashValue": 40000,
      "camperPhotos": Array [
        Object {
          "camperId": "0a91a2b1-3501-4c71-ae07-eae3d280f861",
          "id": "54b394d3-d9ef-4698-acb0-0799932f1add",
          "photo": "https://vancation-api-staging-assets.s3.us-west-1.amazonaws.com/store/camperphoto/54b394d3-d9ef-4698-acb0-0799932f1add/photo/585ec167567095de53f90cbcd0eb31b3.jpg",
          "position": 1,
        },
        Object {
          "camperId": "0a91a2b1-3501-4c71-ae07-eae3d280f861",
          "id": "24b394d3-d9ef-4698-acb0-0799932f1add",
          "photo": "https://vancation-api-staging-assets.s3.us-west-1.amazonaws.com/store/camperphoto/54b394d3-d9ef-4698-acb0-0799932f1add/photo/585ec167567095de53f90cbcd0eb31b3.jpg",
          "position": 2,
        },
      ],
      "description": "hello",
      "estimatedEarning": 1500,
      "glamper": false,
      "id": "0a91a2b1-3501-4c71-ae07-eae3d280f861",
      "latitude": 40.71517500000001,
      "longitude": -73.98411500000002,
      "name": "camper first",
      "place": "New York",
      "placeId": null,
      "publicId": "9544432",
      "raiting": 100,
      "specificationDetail": Object {
        "drivetrain": "fwd",
        "freshWater": null,
        "fuelType": "gas",
        "grayWater": null,
        "id": "345a893a-93e7-4597-b370-05e19161c7d2",
        "insideHeight": "low_top",
        "length": "22.0",
        "mileage": "Under 50,000",
        "modelNaming": "Box Van Conversion",
        "name": "Isuzu",
        "seats": 1,
        "sleeps": 1,
        "stateRegistred": "Massachusetts",
        "transmission": "manual",
        "whoBuiltCamper": "Deandra McLaughlin",
        "year": 2014,
      },
      "status": "draft",
      "vehicleTypeIconUrl": "https://vancation-api-staging-assets.s3.us-west-1.amazonaws.com/store/vehicletype/79ced7b8-cf65-4191-900c-ebbc952411a8/icon/30ec41e7bbefbdbe37f7a4a250506a5d.svg",
      "vehicleTypeName": "Unique Camper",
    }
  }
  currentCamperId="0a91a2b1-3501-4c71-ae07-eae3d280f861"
  fetchOwnerCampers={[Function]}
  handlerSelect={[Function]}
  hasOneLastCamperEdit={false}
  isLoading={false}
  isMobileMode={false}
  items={
    Array [
      Object {
        "id": "0a91a2b1-3501-4c71-ae07-eae3d280f861",
        "img": "https://vancation-api-staging-assets.s3.us-west-1.amazonaws.com/store/camperphoto/54b394d3-d9ef-4698-acb0-0799932f1add/photo/585ec167567095de53f90cbcd0eb31b3.jpg",
        "label": "camper first",
        "subtitle": "9544432",
      },
      Object {
        "id": "22b70626-9334-4855-8ee4-d0e5d1d0192b",
        "img": "/images/camper-default.jpg",
        "label": "Volkswagen California 6.1 4x4 VW Bus in Los Angeles, California, United States",
        "subtitle": "1147333",
      },
    ]
  }
  ownerCampersFirstPortion={
    Array [
      Object {
        "id": "0a91a2b1-3501-4c71-ae07-eae3d280f861",
        "img": "https://vancation-api-staging-assets.s3.us-west-1.amazonaws.com/store/camperphoto/54b394d3-d9ef-4698-acb0-0799932f1add/photo/585ec167567095de53f90cbcd0eb31b3.jpg",
        "label": "camper first",
        "subtitle": "9544432",
      },
      Object {
        "id": "22b70626-9334-4855-8ee4-d0e5d1d0192b",
        "img": "/images/camper-default.jpg",
        "label": "Volkswagen California 6.1 4x4 VW Bus in Los Angeles, California, United States",
        "subtitle": "1147333",
      },
    ]
  }
  ownerCampersFirstPortionIds={
    Array [
      "0a91a2b1-3501-4c71-ae07-eae3d280f861",
      "22b70626-9334-4855-8ee4-d0e5d1d0192b",
    ]
  }
  router={
    Object {
      "push": [MockFunction],
      "query": Object {
        "camper": "0a91a2b1-3501-4c71-ae07-eae3d280f861",
      },
    }
  }
  setMobileMenuVisibility={[Function]}
  store={
    Object {
      "clearActions": [Function],
      "dispatch": [MockFunction],
      "getActions": [Function],
      "getState": [Function],
      "replaceReducer": [Function],
      "subscribe": [Function],
    }
  }
/>
`;
