// Jest Snapshot v1, https://goo.gl/fbAQLP

exports[`HelpCenterSection component tests matches snapshot 1`] = `
<div
  className="main-account-header__item"
>
  <span
    className="mr-4 main-account-header__item-txt"
  >
    <Memo(FormattedMessage)
      id="userHeader.helpCenter"
    />
  </span>
  <i
    className="icon icon-down in-black font-16"
  />
</div>
`;

exports[`HelpCenterSection component tests matches snapshot when isVisible equals false 1`] = `""`;
