// Jest Snapshot v1, https://goo.gl/fbAQLP

exports[`InsuranceList component tests matches snapshot 1`] = `
<ul>
  <li
    className="main-listing__insurance-item"
  >
    <img
      alt=""
      src="/images/listing/insurance/Insurance_Coverage.svg"
    />
    <div
      className="ml-12"
    >
      <Memo(FormattedMessage)
        id="addNewCamper.insurance.package.first"
      />
    </div>
  </li>
  <li
    className="main-listing__insurance-item"
  >
    <img
      alt=""
      src="/images/listing/insurance/Damage_Protection.svg"
    />
    <div
      className="ml-12"
    >
      <Memo(FormattedMessage)
        id="addNewCamper.insurance.package.second"
      />
      <Tooltip
        arrowPointAtCenter={false}
        autoAdjustOverflow={true}
        mouseEnterDelay={0.1}
        mouseLeaveDelay={0.1}
        placement="top"
        title={
          <Memo(FormattedMessage)
            id="addNewCamper.insurance.package.secondItemTooltip"
          />
        }
      >
        <i
          className="icon icon-info-f main-tooltip-icon font-18"
        />
      </Tooltip>
    </div>
  </li>
  <li
    className="main-listing__insurance-item"
  >
    <img
      alt=""
      src="/images/listing/insurance/Interior_Damage.svg"
    />
    <div
      className="ml-12"
    >
      <Memo(FormattedMessage)
        id="addNewCamper.insurance.package.third"
      />
    </div>
  </li>
  <li
    className="main-listing__insurance-item"
  >
    <img
      alt=""
      src="/images/listing/insurance/Exterior_Damage.svg"
    />
    <div
      className="ml-12"
    >
      <Memo(FormattedMessage)
        id="addNewCamper.insurance.package.fourth"
      />
    </div>
  </li>
  <li
    className="main-listing__insurance-item"
  >
    <img
      alt=""
      src="/images/listing/insurance/Roadside_Assistance.svg"
    />
    <div
      className="ml-12"
    >
      <Memo(FormattedMessage)
        id="addNewCamper.insurance.package.fifth"
      />
    </div>
  </li>
  <li
    className="main-listing__insurance-item"
  >
    <img
      alt=""
      src="/images/listing/insurance/Support.svg"
    />
    <div
      className="ml-12"
    >
      <Memo(FormattedMessage)
        id="addNewCamper.insurance.package.six"
      />
    </div>
  </li>
</ul>
`;
